// Jest Snapshot v1, https://goo.gl/fbAQLP

exports[`renders the UI as expected 1`] = `
<div>
  <p />
  <p>
    Date: 
  </p>
  <p>
    Time: 
  </p>
  <p>
    Location: 
    , 
  </p>
  <p>
    Distance: 
  </p>
  <p>
    <a
      href="/my-races/undefined/results"
      onClick={[Function]}
    >
      Results
    </a>
  </p>
  <button
    onClick={[Function]}
  >
    Back
  </button>
</div>
`;
